// Jest Snapshot v1, https://goo.gl/fbAQLP

exports[`Renders a plain string 1`] = `"Just a random string"`;

exports[`Renders a string which uses a different placeholder syntax 1`] = `"A string that uses another syntax"`;

exports[`Renders a string with an interpolations 1`] = `"A string but with a huge value in it"`;
